[    0.000000] Initializing cgroup subsys cpuset
[    0.000000] Initializing cgroup subsys cpu
[    0.000000] Initializing cgroup subsys cpuacct
[    0.000000] Linux version 4.4.0-194-generic (buildd@lcy01-amd64-020) (gcc version 5.4.0 20160609 (Ubuntu 5.4.0-6ubuntu1~16.04.12) ) #226-Ubuntu SMP Wed Oct 21 10:19:36 UTC 2020 (Ubuntu 4.4.0-194.226-generic 4.4.236)
[    0.000000] Command line: BOOT_IMAGE=/boot/vmlinuz-4.4.0-194-generic root=LABEL=cloudimg-rootfs ro console=tty1 console=ttyS0
[    0.000000] KERNEL supported cpus:
[    0.000000]   Intel GenuineIntel
[    0.000000]   AMD AuthenticAMD
[    0.000000]   Centaur CentaurHauls
[    0.000000] x86/fpu: xstate_offset[2]:  576, xstate_sizes[2]:  256
[    0.000000] x86/fpu: Supporting XSAVE feature 0x01: 'x87 floating point registers'
[    0.000000] x86/fpu: Supporting XSAVE feature 0x02: 'SSE registers'
[    0.000000] x86/fpu: Supporting XSAVE feature 0x04: 'AVX registers'
[    0.000000] x86/fpu: Enabled xstate features 0x7, context size is 832 bytes, using 'standard' format.
[    0.000000] e820: BIOS-provided physical RAM map:
[    0.000000] BIOS-e820: [mem 0x0000000000000000-0x000000000009fbff] usable
[    0.000000] BIOS-e820: [mem 0x000000000009fc00-0x000000000009ffff] reserved
[    0.000000] BIOS-e820: [mem 0x00000000000f0000-0x00000000000fffff] reserved
[    0.000000] BIOS-e820: [mem 0x0000000000100000-0x000000003ffeffff] usable
[    0.000000] BIOS-e820: [mem 0x000000003fff0000-0x000000003fffffff] ACPI data
[    0.000000] BIOS-e820: [mem 0x00000000fec00000-0x00000000fec00fff] reserved
[    0.000000] BIOS-e820: [mem 0x00000000fee00000-0x00000000fee00fff] reserved
[    0.000000] BIOS-e820: [mem 0x00000000fffc0000-0x00000000ffffffff] reserved
[    0.000000] NX (Execute Disable) protection: active
[    0.000000] SMBIOS 2.5 present.
[    0.000000] Hypervisor detected: KVM
[    0.000000] e820: last_pfn = 0x3fff0 max_arch_pfn = 0x400000000
[    0.000000] MTRR: Disabled
[    0.000000] x86/PAT: MTRRs disabled, skipping PAT initialization too.
[    0.000000] CPU MTRRs all blank - virtualized system.
[    0.000000] x86/PAT: Configuration [0-7]: WB  WT  UC- UC  WB  WT  UC- UC  
[    0.000000] found SMP MP-table at [mem 0x0009fff0-0x0009ffff] mapped at [ffff88000009fff0]
[    0.000000] Scanning 1 areas for low memory corruption
[    0.000000] RAMDISK: [mem 0x362e0000-0x37167fff]
[    0.000000] ACPI: Early table checksum verification disabled
[    0.000000] ACPI: RSDP 0x00000000000E0000 000024 (v02 VBOX  )
[    0.000000] ACPI: XSDT 0x000000003FFF0030 00003C (v01 VBOX   VBOXXSDT 00000001 ASL  00000061)
[    0.000000] ACPI: FACP 0x000000003FFF00F0 0000F4 (v04 VBOX   VBOXFACP 00000001 ASL  00000061)
[    0.000000] ACPI: DSDT 0x000000003FFF0470 002325 (v02 VBOX   VBOXBIOS 00000002 INTL 20100528)
[    0.000000] ACPI: FACS 0x000000003FFF0200 000040
[    0.000000] ACPI: FACS 0x000000003FFF0200 000040
[    0.000000] ACPI: APIC 0x000000003FFF0240 00005C (v02 VBOX   VBOXAPIC 00000001 ASL  00000061)
[    0.000000] ACPI: SSDT 0x000000003FFF02A0 0001CC (v01 VBOX   VBOXCPUT 00000002 INTL 20100528)
[    0.000000] No NUMA configuration found
[    0.000000] Faking a node at [mem 0x0000000000000000-0x000000003ffeffff]
[    0.000000] NODE_DATA(0) allocated [mem 0x3ffeb000-0x3ffeffff]
[    0.000000] kvm-clock: Using msrs 4b564d01 and 4b564d00
[    0.000000] kvm-clock: cpu 0, msr 0:3ffe3001, primary cpu clock
[    0.000000] kvm-clock: using sched offset of 3625122371 cycles
[    0.000000] clocksource: kvm-clock: mask: 0xffffffffffffffff max_cycles: 0x1cd42e4dffb, max_idle_ns: 881590591483 ns
[    0.000000] Zone ranges:
[    0.000000]   DMA      [mem 0x0000000000001000-0x0000000000ffffff]
[    0.000000]   DMA32    [mem 0x0000000001000000-0x000000003ffeffff]
[    0.000000]   Normal   empty
[    0.000000]   Device   empty
[    0.000000] Movable zone start for each node
[    0.000000] Early memory node ranges
[    0.000000]   node   0: [mem 0x0000000000001000-0x000000000009efff]
[    0.000000]   node   0: [mem 0x0000000000100000-0x000000003ffeffff]
[    0.000000] Initmem setup node 0 [mem 0x0000000000001000-0x000000003ffeffff]
[    0.000000] ACPI: PM-Timer IO Port: 0x4008
[    0.000000] IOAPIC[0]: apic_id 2, version 32, address 0xfec00000, GSI 0-23
[    0.000000] ACPI: INT_SRC_OVR (bus 0 bus_irq 0 global_irq 2 dfl dfl)
[    0.000000] ACPI: INT_SRC_OVR (bus 0 bus_irq 9 global_irq 9 low level)
[    0.000000] Using ACPI (MADT) for SMP configuration information
[    0.000000] smpboot: Allowing 2 CPUs, 0 hotplug CPUs
[    0.000000] PM: Registered nosave memory: [mem 0x00000000-0x00000fff]
[    0.000000] PM: Registered nosave memory: [mem 0x0009f000-0x0009ffff]
[    0.000000] PM: Registered nosave memory: [mem 0x000a0000-0x000effff]
[    0.000000] PM: Registered nosave memory: [mem 0x000f0000-0x000fffff]
[    0.000000] e820: [mem 0x40000000-0xfebfffff] available for PCI devices
[    0.000000] Booting paravirtualized kernel on KVM
[    0.000000] clocksource: refined-jiffies: mask: 0xffffffff max_cycles: 0xffffffff, max_idle_ns: 7645519600211568 ns
[    0.000000] setup_percpu: NR_CPUS:512 nr_cpumask_bits:512 nr_cpu_ids:2 nr_node_ids:1
[    0.000000] PERCPU: Embedded 33 pages/cpu @ffff88003fc00000 s95512 r8192 d31464 u1048576
[    0.000000] Built 1 zonelists in Node order, mobility grouping on.  Total pages: 257912
[    0.000000] Policy zone: DMA32
[    0.000000] Kernel command line: BOOT_IMAGE=/boot/vmlinuz-4.4.0-194-generic root=LABEL=cloudimg-rootfs ro console=tty1 console=ttyS0
[    0.000000] PID hash table entries: 4096 (order: 3, 32768 bytes)
[    0.000000] Memory: 997664K/1048120K available (8640K kernel code, 1337K rwdata, 4040K rodata, 1492K init, 1296K bss, 50456K reserved, 0K cma-reserved)
[    0.000000] SLUB: HWalign=64, Order=0-3, MinObjects=0, CPUs=2, Nodes=1
[    0.000000] Kernel/User page tables isolation: enabled
[    0.000000] Hierarchical RCU implementation.
[    0.000000] 	Build-time adjustment of leaf fanout to 64.
[    0.000000] 	RCU restricting CPUs from NR_CPUS=512 to nr_cpu_ids=2.
[    0.000000] RCU: Adjusting geometry for rcu_fanout_leaf=64, nr_cpu_ids=2
[    0.000000] NR_IRQS:33024 nr_irqs:440 16
[    0.000000] Console: colour VGA+ 80x25
[    0.000000] console [tty1] enabled
[    0.000000] console [ttyS0] enabled
[    0.000000] tsc: Detected 2592.002 MHz processor
[    0.182605] Calibrating delay loop (skipped) preset value.. 5184.00 BogoMIPS (lpj=10368008)
[    0.184381] pid_max: default: 32768 minimum: 301
[    0.185640] ACPI: Core revision 20150930
[    0.187649] ACPI: 2 ACPI AML tables successfully acquired and loaded
[    0.189176] Security Framework initialized
[    0.190427] Yama: becoming mindful.
[    0.191812] AppArmor: AppArmor initialized
[    0.193185] Dentry cache hash table entries: 131072 (order: 8, 1048576 bytes)
[    0.201013] Inode-cache hash table entries: 65536 (order: 7, 524288 bytes)
[    0.202801] Mount-cache hash table entries: 2048 (order: 2, 16384 bytes)
[    0.204399] Mountpoint-cache hash table entries: 2048 (order: 2, 16384 bytes)
[    0.206780] Initializing cgroup subsys io
[    0.208264] Initializing cgroup subsys memory
[    0.209200] Initializing cgroup subsys devices
[    0.210502] Initializing cgroup subsys freezer
[    0.211616] Initializing cgroup subsys net_cls
[    0.212582] Initializing cgroup subsys perf_event
[    0.213885] Initializing cgroup subsys net_prio
[    0.215228] Initializing cgroup subsys hugetlb
[    0.216415] Initializing cgroup subsys pids
[    0.218624] mce: CPU supports 0 MCE banks
[    0.219426] Last level iTLB entries: 4KB 64, 2MB 8, 4MB 8
[    0.220424] Last level dTLB entries: 4KB 64, 2MB 0, 4MB 0, 1GB 4
[    0.221817] Spectre V1 : Mitigation: usercopy/swapgs barriers and __user pointer sanitization
[    0.224180] Spectre V2 : Mitigation: Full generic retpoline
[    0.225693] Spectre V2 : Spectre v2 / SpectreRSB mitigation: Filling RSB on context switch
[    0.227937] Speculative Store Bypass: Vulnerable
[    0.229035] SRBDS: Unknown: Dependent on hypervisor status
[    0.230776] MDS: Mitigation: Clear CPU buffers
[    0.235946] Freeing SMP alternatives memory: 36K
[    0.245182] ftrace: allocating 32346 entries in 127 pages
[    0.324186] smpboot: APIC(0) Converting physical 0 to logical package 0
[    0.325973] smpboot: Max logical packages: 1
[    0.327335] x2apic enabled
[    0.328344] Switched APIC routing to physical x2apic.
[    0.330723] ..TIMER: vector=0x30 apic1=0 pin1=2 apic2=-1 pin2=-1
[    0.440995] smpboot: CPU0: Intel(R) Core(TM) i7-6700HQ CPU @ 2.60GHz (family: 0x6, model: 0x5e, stepping: 0x3)
[    0.445473] Performance Events: unsupported p6 CPU model 94 no PMU driver, software events only.
[    0.466447] KVM setup paravirtual spinlock
[    0.468772] x86: Booting SMP configuration:
[    0.470194] .... node  #0, CPUs:      #1
[    0.471468] kvm-clock: cpu 1, msr 0:3ffe3041, secondary cpu clock
[    0.475838] mce: CPU supports 0 MCE banks
[    0.478850] x86: Booted up 1 node, 2 CPUs
[    0.480496] smpboot: Total of 2 processors activated (10368.00 BogoMIPS)
[    0.484125] devtmpfs: initialized
[    0.487676] evm: security.selinux
[    0.489011] evm: security.SMACK64
[    0.490547] evm: security.SMACK64EXEC
[    0.492489] evm: security.SMACK64TRANSMUTE
[    0.494425] evm: security.SMACK64MMAP
[    0.495671] evm: security.ima
[    0.496603] evm: security.capability
[    0.498380] clocksource: jiffies: mask: 0xffffffff max_cycles: 0xffffffff, max_idle_ns: 7645041785100000 ns
[    0.502126] futex hash table entries: 512 (order: 3, 32768 bytes)
[    0.504038] pinctrl core: initialized pinctrl subsystem
[    0.505884] RTC time: 13:09:43, date: 11/25/20
[    0.507745] NET: Registered protocol family 16
[    0.518388] cpuidle: using governor ladder
[    0.530160] cpuidle: using governor menu
[    0.531725] PCCT header not found.
[    0.534255] ACPI: bus type PCI registered
[    0.535968] acpiphp: ACPI Hot Plug PCI Controller Driver version: 0.5
[    0.538096] PCI: Using configuration type 1 for base access
[    0.556207] ACPI: Added _OSI(Module Device)
[    0.557572] ACPI: Added _OSI(Processor Device)
[    0.558988] ACPI: Added _OSI(3.0 _SCP Extensions)
[    0.560409] ACPI: Added _OSI(Processor Aggregator Device)
[    0.563123] ACPI: Executed 1 blocks of module-level executable AML code
[    0.569083] ACPI: Interpreter enabled
[    0.571120] ACPI: (supports S0 S5)
[    0.572693] ACPI: Using IOAPIC for interrupt routing
[    0.574938] PCI: Using host bridge windows from ACPI; if necessary, use "pci=nocrs" and report a bug
[    0.586631] ACPI: PCI Root Bridge [PCI0] (domain 0000 [bus 00-ff])
[    0.589240] acpi PNP0A03:00: _OSC: OS supports [ASPM ClockPM Segments MSI]
[    0.591967] acpi PNP0A03:00: _OSC: not requesting OS control; OS requires [ExtendedConfig ASPM ClockPM MSI]
[    0.595594] acpi PNP0A03:00: fail to add MMCONFIG information, can't access extended PCI configuration space under this bridge.
[    0.599561] PCI host bridge to bus 0000:00
[    0.600828] pci_bus 0000:00: root bus resource [io  0x0000-0x0cf7 window]
[    0.603183] pci_bus 0000:00: root bus resource [io  0x0d00-0xffff window]
[    0.605402] pci_bus 0000:00: root bus resource [mem 0x000a0000-0x000bffff window]
[    0.608458] pci_bus 0000:00: root bus resource [mem 0x40000000-0xfdffffff window]
[    0.611392] pci_bus 0000:00: root bus resource [bus 00-ff]
[    0.620655] pci 0000:00:01.1: legacy IDE quirk: reg 0x10: [io  0x01f0-0x01f7]
[    0.625021] pci 0000:00:01.1: legacy IDE quirk: reg 0x14: [io  0x03f6]
[    0.633390] pci 0000:00:01.1: legacy IDE quirk: reg 0x18: [io  0x0170-0x0177]
[    0.661797] pci 0000:00:01.1: legacy IDE quirk: reg 0x1c: [io  0x0376]
[    0.791977] pci 0000:00:07.0: quirk: [io  0x4000-0x403f] claimed by PIIX4 ACPI
[    0.802651] pci 0000:00:07.0: quirk: [io  0x4100-0x410f] claimed by PIIX4 SMB
[    0.887286] ACPI: PCI Interrupt Link [LNKA] (IRQs 5 9 10 *11)
[    0.889977] ACPI: PCI Interrupt Link [LNKB] (IRQs 5 9 *10 11)
[    0.892716] ACPI: PCI Interrupt Link [LNKC] (IRQs 5 *9 10 11)
[    0.894720] ACPI: PCI Interrupt Link [LNKD] (IRQs 5 9 10 *11)
[    0.897041] ACPI: Enabled 2 GPEs in block 00 to 07
[    0.902945] vgaarb: setting as boot device: PCI:0000:00:02.0
[    0.904896] vgaarb: device added: PCI:0000:00:02.0,decodes=io+mem,owns=io+mem,locks=none
[    0.908960] vgaarb: loaded
[    0.910966] vgaarb: bridge control possible 0000:00:02.0
[    0.914805] SCSI subsystem initialized
[    0.916840] ACPI: bus type USB registered
[    0.918724] usbcore: registered new interface driver usbfs
[    0.922152] usbcore: registered new interface driver hub
[    0.926185] usbcore: registered new device driver usb
[    0.934092] PCI: Using ACPI for IRQ routing
[    0.936049] NetLabel: Initializing
[    0.937185] NetLabel:  domain hash size = 128
[    0.938580] NetLabel:  protocols = UNLABELED CIPSOv4
[    0.942831] NetLabel:  unlabeled traffic allowed by default
[    0.946693] amd_nb: Cannot enumerate AMD northbridges
[    0.948891] clocksource: Switched to clocksource kvm-clock
[    0.975160] AppArmor: AppArmor Filesystem Enabled
[    0.977151] pnp: PnP ACPI init
[    0.979753] pnp: PnP ACPI: found 3 devices
[    0.995477] clocksource: acpi_pm: mask: 0xffffff max_cycles: 0xffffff, max_idle_ns: 2085701024 ns
[    0.999249] NET: Registered protocol family 2
[    1.001356] TCP established hash table entries: 8192 (order: 4, 65536 bytes)
[    1.003558] TCP bind hash table entries: 8192 (order: 5, 131072 bytes)
[    1.007297] TCP: Hash tables configured (established 8192 bind 8192)
[    1.010606] UDP hash table entries: 512 (order: 2, 16384 bytes)
[    1.012634] UDP-Lite hash table entries: 512 (order: 2, 16384 bytes)
[    1.015103] NET: Registered protocol family 1
[    1.018038] pci 0000:00:00.0: Limiting direct PCI/PCI transfers
[    1.019728] pci 0000:00:01.0: Activating ISA DMA hang workarounds
[    1.030963] Unpacking initramfs...
[    1.768113] Freeing initrd memory: 14880K
[    1.769590] clocksource: tsc: mask: 0xffffffffffffffff max_cycles: 0x255cb8d7d74, max_idle_ns: 440795265546 ns
[    1.772211] platform rtc_cmos: registered platform RTC device (no PNP device found)
[    1.774170] Scanning for low memory corruption every 60 seconds
[    1.776170] audit: initializing netlink subsys (disabled)
[    1.777171] audit: type=2000 audit(1606309789.595:1): initialized
[    1.778609] Initialise system trusted keyring
[    1.779754] HugeTLB registered 2 MB page size, pre-allocated 0 pages
[    1.782300] zbud: loaded
[    1.783258] VFS: Disk quotas dquot_6.6.0
[    1.784612] VFS: Dquot-cache hash table entries: 512 (order 0, 4096 bytes)
[    1.787020] squashfs: version 4.0 (2009/01/31) Phillip Lougher
[    1.789232] fuse init (API version 7.23)
[    1.790457] Key type big_key registered
[    1.791572] Allocating IMA MOK and blacklist keyrings.
[    1.796417] Key type asymmetric registered
[    1.797833] Asymmetric key parser 'x509' registered
[    1.799718] Block layer SCSI generic (bsg) driver version 0.4 loaded (major 249)
[    1.803974] io scheduler noop registered
[    1.805750] io scheduler deadline registered (default)
[    1.809206] io scheduler cfq registered
[    1.811469] pci_hotplug: PCI Hot Plug PCI Core version: 0.5
[    1.814400] pciehp: PCI Express Hot Plug Controller Driver version: 0.4
[    1.816884] ACPI: AC Adapter [AC] (on-line)
[    1.819331] input: Power Button as /devices/LNXSYSTM:00/LNXPWRBN:00/input/input0
[    1.821501] ACPI: Power Button [PWRF]
[    1.822811] input: Sleep Button as /devices/LNXSYSTM:00/LNXSLPBN:00/input/input1
[    1.825902] ACPI: Sleep Button [SLPF]
[    1.827257] GHES: HEST is not enabled!
[    1.828129] ACPI: Battery Slot [BAT0] (battery present)
[    1.829741] Serial: 8250/16550 driver, 32 ports, IRQ sharing enabled
[    1.851965] 00:02: ttyS0 at I/O 0x3f8 (irq = 4, base_baud = 115200) is a 16550A
[    1.858700] Linux agpgart interface v0.103
[    1.861576] loop: module loaded
[    1.862895] scsi host0: ata_piix
[    1.864024] scsi host1: ata_piix
[    1.864926] ata1: PATA max UDMA/33 cmd 0x1f0 ctl 0x3f6 bmdma 0xd000 irq 14
[    1.866446] ata2: PATA max UDMA/33 cmd 0x170 ctl 0x376 bmdma 0xd008 irq 15
[    1.867774] libphy: Fixed MDIO Bus: probed
[    1.868628] tun: Universal TUN/TAP device driver, 1.6
[    1.869635] tun: (C) 1999-2004 Max Krasnyansky <maxk@qualcomm.com>
[    1.871004] PPP generic driver version 2.4.2
[    1.872233] ehci_hcd: USB 2.0 'Enhanced' Host Controller (EHCI) Driver
[    1.873892] ehci-pci: EHCI PCI platform driver
[    1.874869] ehci-platform: EHCI generic platform driver
[    1.876046] ohci_hcd: USB 1.1 'Open' Host Controller (OHCI) Driver
[    1.877135] ohci-pci: OHCI PCI platform driver
[    1.878135] ohci-platform: OHCI generic platform driver
[    1.879111] uhci_hcd: USB Universal Host Controller Interface driver
[    1.880780] i8042: PNP: PS/2 Controller [PNP0303:PS2K,PNP0f03:PS2M] at 0x60,0x64 irq 1,12
[    1.883629] serio: i8042 KBD port at 0x60,0x64 irq 1
[    1.885102] serio: i8042 AUX port at 0x60,0x64 irq 12
[    1.887347] mousedev: PS/2 mouse device common for all mice
[    1.890317] rtc_cmos rtc_cmos: rtc core: registered rtc_cmos as rtc0
[    1.891936] input: AT Translated Set 2 keyboard as /devices/platform/i8042/serio0/input/input2
[    1.894367] rtc_cmos rtc_cmos: alarms up to one day, 114 bytes nvram
[    1.896273] i2c /dev entries driver
[    1.897507] device-mapper: uevent: version 1.0.3
[    1.898932] device-mapper: ioctl: 4.34.0-ioctl (2015-10-28) initialised: dm-devel@redhat.com
[    1.900890] ledtrig-cpu: registered to indicate activity on CPUs
[    1.902456] NET: Registered protocol family 10
[    1.903774] NET: Registered protocol family 17
[    1.905163] Key type dns_resolver registered
[    1.907166] registered taskstats version 1
[    1.908010] Loading compiled-in X.509 certificates
[    1.909649] Loaded X.509 cert 'Build time autogenerated kernel key: 12717d7bded22cc9f4c9021cf049cb5c0a2cb7b0'
[    1.911771] zswap: loaded using pool lzo/zbud
[    1.915223] Key type trusted registered
[    1.918921] Key type encrypted registered
[    1.919839] AppArmor: AppArmor sha1 policy hashing enabled
[    1.921527] ima: No TPM chip found, activating TPM-bypass!
[    1.923478] ima: Allocated hash algorithm: sha1
[    1.924937] evm: HMAC attrs: 0x1
[    1.926678]   Magic number: 12:903:180
[    1.928152] rtc_cmos rtc_cmos: setting system clock to 2020-11-25 13:09:44 UTC (1606309784)
[    1.930904] BIOS EDD facility v0.16 2004-Jun-25, 0 devices found
[    1.932604] EDD information not available.
[    2.049976] Freeing unused kernel memory: 1492K
[    2.051335] Write protecting the kernel read-only data: 14336k
[    2.053849] Freeing unused kernel memory: 1588K
[    2.055996] Freeing unused kernel memory: 56K
Loading, please wait...
starting version 229
[    2.077402] random: systemd-udevd: uninitialized urandom read (16 bytes read, 3 bits of entropy available)
[    2.079143] random: udevadm: uninitialized urandom read (16 bytes read, 3 bits of entropy available)
[    2.079271] random: udevadm: uninitialized urandom read (16 bytes read, 3 bits of entropy available)
[    2.086635] random: systemd-udevd: uninitialized urandom read (16 bytes read, 3 bits of entropy available)
[    2.090161] random: systemd-udevd: uninitialized urandom read (16 bytes read, 3 bits of entropy available)
[    2.093503] random: udevadm: uninitialized urandom read (16 bytes read, 3 bits of entropy available)
[    2.093574] random: udevadm: uninitialized urandom read (16 bytes read, 3 bits of entropy available)
[    2.093784] random: udevadm: uninitialized urandom read (16 bytes read, 3 bits of entropy available)
[    2.093854] random: udevadm: uninitialized urandom read (16 bytes read, 3 bits of entropy available)
[    2.093920] random: udevadm: uninitialized urandom read (16 bytes read, 3 bits of entropy available)
[    2.148130] e1000: Intel(R) PRO/1000 Network Driver - version 7.3.21-k8-NAPI
[    2.149837] e1000: Copyright (c) 1999-2006 Intel Corporation.
[    2.159071] Fusion MPT base driver 3.04.20
[    2.160500] Copyright (c) 1999-2008 LSI Corporation
[    2.165714] Fusion MPT SPI Host driver 3.04.20
[    2.183273] AVX2 version of gcm_enc/dec engaged.
[    2.184633] AES CTR mode by8 optimization enabled
[    2.395107] input: ImExPS/2 Generic Explorer Mouse as /devices/platform/i8042/serio1/input/input4
[    2.782127] e1000 0000:00:03.0 eth0: (PCI:33MHz:32-bit) 02:e0:65:d0:24:0e
[    2.783899] e1000 0000:00:03.0 eth0: Intel(R) PRO/1000 Network Connection
[    4.230499] e1000 0000:00:08.0 eth1: (PCI:33MHz:32-bit) 08:00:27:08:3d:eb
[    4.232887] e1000 0000:00:08.0 eth1: Intel(R) PRO/1000 Network Connection
[    4.239598] e1000 0000:00:03.0 enp0s3: renamed from eth0
[    4.242777] mptbase: ioc0: Initiating bringup
[    4.254093] e1000 0000:00:08.0 enp0s8: renamed from eth1
[    4.305641] ioc0: LSI53C1030 A0: Capabilities={Initiator}
[    5.794023] scsi host2: ioc0: LSI53C1030 A0, FwRev=00000000h, Ports=1, MaxQ=256, IRQ=20
[    7.230571] scsi 2:0:0:0: Direct-Access     VBOX     HARDDISK         1.0  PQ: 0 ANSI: 5
[    7.237147] scsi target2:0:0: Beginning Domain Validation
[    7.241255] scsi target2:0:0: Domain Validation skipping write tests
[    7.243494] scsi target2:0:0: Ending Domain Validation
[    7.246813] scsi target2:0:0: asynchronous
[    7.250589] scsi 2:0:1:0: Direct-Access     VBOX     HARDDISK         1.0  PQ: 0 ANSI: 5
[    7.269657] scsi target2:0:1: Beginning Domain Validation
[    7.275300] scsi target2:0:1: Domain Validation skipping write tests
[    7.278306] scsi target2:0:1: Ending Domain Validation
[    7.280089] scsi target2:0:1: asynchronous
[    7.296028] sd 2:0:0:0: [sda] 20971520 512-byte logical blocks: (10.7 GB/10.0 GiB)
[    7.297609] sd 2:0:0:0: Attached scsi generic sg0 type 0
[    7.304480] sd 2:0:1:0: [sdb] 20480 512-byte logical blocks: (10.5 MB/10.0 MiB)
[    7.304986] sd 2:0:1:0: Attached scsi generic sg1 type 0
[    7.305282] sd 2:0:0:0: [sda] Write Protect is off
[    7.310504] sd 2:0:0:0: [sda] Incomplete mode parameter data
[    7.310832] sd 2:0:1:0: [sdb] Write Protect is off
[    7.310984] sd 2:0:1:0: [sdb] Incomplete mode parameter data
[    7.310985] sd 2:0:1:0: [sdb] Assuming drive cache: write through
[    7.318644] sd 2:0:0:0: [sda] Assuming drive cache: write through
[    7.324478]  sda: sda1
[    7.329397] sd 2:0:0:0: [sda] Attached SCSI disk
[    7.329685] sd 2:0:1:0: [sdb] Attached SCSI disk
Begin: Loading essential drivers ... [    8.958531] md: linear personality registered for level -1
[    8.965167] md: multipath personality registered for level -4
[    8.972405] md: raid0 personality registered for level 0
[    8.984735] md: raid1 personality registered for level 1
[    9.061120] raid6: sse2x1   gen()  5051 MB/s
[    9.129538] raid6: sse2x1   xor()  5024 MB/s
[    9.197742] raid6: sse2x2   gen()  5854 MB/s
[    9.265274] raid6: sse2x2   xor()  4583 MB/s
[    9.333645] raid6: sse2x4   gen()  6807 MB/s
[    9.401612] raid6: sse2x4   xor()  4034 MB/s
[    9.469277] raid6: avx2x1   gen()  8787 MB/s
[    9.537506] raid6: avx2x2   gen() 10386 MB/s
[    9.605558] raid6: avx2x4   gen() 10523 MB/s
[    9.607166] raid6: using algorithm avx2x4 gen() 10523 MB/s
[    9.610320] raid6: using avx2x2 recovery algorithm
[    9.614846] xor: automatically using best checksumming function:
[    9.658337]    avx       : 19446.000 MB/sec
[    9.663731] async_tx: api initialized (async)
[    9.684721] md: raid6 personality registered for level 6
[    9.686448] md: raid5 personality registered for level 5
[    9.689049] md: raid4 personality registered for level 4
[    9.704173] md: raid10 personality registered for level 10
done.
Begin: Running /scripts/init-premount ... done.
Begin: Mounting root file system ... Begin: Running /scripts/local-top ... done.
Begin: Running /scripts/local-premount ... [    9.771124] Btrfs loaded
Scanning for Btrfs filesystems
done.
Warning: fsck not present, so skipping root file system
[    9.864395] EXT4-fs (sda1): mounted filesystem with ordered data mode. Opts: (null)
done.
Begin: Running /scripts/local-bottom ... done.
Begin: Running /scripts/init-bottom ... done.
[   10.119077] systemd[1]: systemd 229 running in system mode. (+PAM +AUDIT +SELINUX +IMA +APPARMOR +SMACK +SYSVINIT +UTMP +LIBCRYPTSETUP +GCRYPT +GNUTLS +ACL +XZ -LZ4 +SECCOMP +BLKID +ELFUTILS +KMOD -IDN)
[   10.125157] systemd[1]: Detected virtualization oracle.
[   10.129057] systemd[1]: Detected architecture x86-64.

Welcome to [1mUbuntu 16.04.7 LTS[0m!

[   10.140589] systemd[1]: Set hostname to <ubuntu-xenial>.
[   10.557890] systemd[1]: Created slice User and Session Slice.
[[0;32m  OK  [0m] Created slice User and Session Slice.
[   10.563117] systemd[1]: Reached target Swap.
[[0;32m  OK  [0m] Reached target Swap.
[   10.567154] systemd[1]: Listening on Syslog Socket.
[[0;32m  OK  [0m] Listening on Syslog Socket.
[   10.571187] systemd[1]: Created slice System Slice.
[[0;32m  OK  [0m] Created slice System Slice.
[   10.578661] systemd[1]: Reached target Slices.
[[0;32m  OK  [0m] Reached target Slices.
[   10.584184] systemd[1]: Started Forward Password Requests to Wall Directory Watch.
[[0;32m  OK  [0m] Started Forward Password Requests to Wall Directory Watch.
[   10.588616] systemd[1]: Listening on udev Kernel Socket.
[[0;32m  OK  [0m] Listening on udev Kernel Socket.
[   10.592432] systemd[1]: Reached target Encrypted Volumes.
[[0;32m  OK  [0m] Reached target Encrypted Volumes.
[   10.597002] systemd[1]: Listening on Journal Socket (/dev/log).
[[0;32m  OK  [0m] Listening on Journal Socket (/dev/log).
[   10.602680] systemd[1]: Listening on Journal Socket.
[[0;32m  OK  [0m] Listening on Journal Socket.
[   10.622456] systemd[1]: Starting Create list of required static device nodes for the current kernel...
         Starting Create list of required st... nodes for the current kernel...
[   10.630111] systemd[1]: Starting Remount Root and Kernel File Systems...
         Starting Remount Root and Kernel File Systems...
[   10.641327] systemd[1]: Starting Load Kernel Modules...
         Starting Load Kernel Modules...
[   10.646907] systemd[1]: Mounting POSIX Message Queue File System...
         Mounting POSIX Message Queue File System...
[   10.654086] systemd[1]: Mounting Huge Pages File System...
         Mounting Huge Pages File System...
[   10.666040] systemd[1]: Listening on Journal Audit Socket.
[   10.668792] Loading iSCSI transport class v2.0-870.
[[0;32m  OK  [0m] Listening on Journal Audit Socket.
[   10.673555] systemd[1]: Set up automount Arbitrary Executable File Formats File System Automount Point.
[[0;32m  OK  [0m] Set up automount Arbitrary Executab...ats File System Automount Point.
[   10.682416] systemd[1]: Listening on LVM2 poll daemon socket.
[[0;32m  OK  [0m] Listening on LVM2 poll daemon socket.
[   10.687587] systemd[1]: Reached target System Time Synchronized.
[[0;32m  OK  [0m] Reached target System Time Synchronized.
[   10.690624] systemd[1]: Listening on udev Control Socket.
[[0;32m  OK  [0m] Listening on udev Control Socket.
[   10.693505] EXT4-fs (sda1): re-mounted. Opts: (null)
[   10.700230] iscsi: registered transport (tcp)
[   10.715087] systemd[1]: Mounting Debug File System...
         Mounting Debug File System...
[   10.722203] systemd[1]: Starting Set console keymap...
         Starting Set console keymap...
[   10.728547] systemd[1]: Reached target User and Group Name Lookups.
[[0;32m  OK  [0m] Reached target User and Group Name Lookups.
[   10.746967] random: nonblocking pool is initialized
[   10.749971] systemd[1]: Starting Uncomplicated firewall...
         Starting Uncomplicated firewall...
[   10.763686] systemd[1]: Created slice system-serial\x2dgetty.slice.
[[0;32m  OK  [0m] Created slice system-serial\x2dgetty.slice.
[   10.770767] systemd[1]: Starting Nameserver information manager...
         Starting Nameserver information manager...
[   10.777023] systemd[1]: Starting Journal Service...
         Starting Journal Service...
[   10.786906] systemd[1]: Started Trigger resolvconf update for networkd DNS.
[[0;32m  OK  [0m] Started Trigger resolvconf update for networkd DNS.
[   10.801384] systemd[1]: Listening on Device-mapper event daemon FIFOs.
[[0;32m  OK  [0m] Listening on Device-mapper event daemon FIFOs.
[   10.804679] systemd[1]: Listening on /dev/initctl Compatibility Named Pipe.
[[0;32m  OK  [0m] Listening on /dev/initctl Compatibility Named Pipe.
[   10.813522] systemd[1]: Listening on LVM2 metadata daemon socket.
[[0;32m  OK  [0m] Listening on LVM2 metadata daemon socket.
[   10.839822] iscsi: registered transport (iser)
[   10.849408] systemd[1]: Starting Monitoring of LVM2 mirrors, snapshots etc. using dmeventd or progress polling...
         Starting Monitoring of LVM2 mirrors... dmeventd or progress polling...
[   10.859318] systemd[1]: Mounted Huge Pages File System.
[[0;32m  OK  [0m] Mounted Huge Pages File System.
[   10.865939] systemd[1]: Mounted Debug File System.
[[0;32m  OK  [0m] Mounted Debug File System.
[   10.871192] systemd[1]: Mounted POSIX Message Queue File System.
[[0;32m  OK  [0m] Mounted POSIX Message Queue File System.
[   10.882930] systemd[1]: Started Create list of required static device nodes for the current kernel.
[[0;32m  OK  [0m] Started Create list of required sta...ce nodes for the current kernel.
[   10.893902] systemd[1]: Started Remount Root and Kernel File Systems.
[[0;32m  OK  [0m] Started Remount Root and Kernel File Systems.
[   10.900457] systemd[1]: Started Load Kernel Modules.
[[0;32m  OK  [0m] Started Load Kernel Modules.
[   10.905320] systemd[1]: Started Set console keymap.
[[0;32m  OK  [0m] Started Set console keymap.
[   10.915138] systemd[1]: Started Uncomplicated firewall.
[[0;32m  OK  [0m] Started Uncomplicated firewall.
[   10.941231] systemd[1]: Started Journal Service.
[[0;32m  OK  [0m] Started Journal Service.
[[0;32m  OK  [0m] Started Nameserver information manager.
[[0;32m  OK  [0m] Started LVM2 metadata daemon.
         Mounting FUSE Control File System...
         Starting Apply Kernel Variables...
         Starting Flush Journal to Persistent Storage...
         Starting udev Coldplug all Devices...
         Starting Load/Save Random Seed...
         Starting Create Static Device Nodes in /dev...
[[0;32m  OK  [0m] Mounted FUSE Control File System.
[[0;32m  OK  [0m] Started Load/Save Random Seed.
[[0;32m  OK  [0m] Started Apply Kernel Variables.
[[0;32m  OK  [0m] Started Flush Journal to Persistent Storage.
[[0;32m  OK  [0m] Started Create Static Device Nodes in /dev.
         Starting udev Kernel Device Manager...
[[0;32m  OK  [0m] Started udev Coldplug all Devices.
[[0;32m  OK  [0m] Started Monitoring of LVM2 mirrors,...ng dmeventd or progress polling.
[[0;32m  OK  [0m] Reached target Local File Systems (Pre).
[[0;32m  OK  [0m] Reached target Local File Systems.
         Starting Set console font and keymap...
         Starting LSB: AppArmor initialization...
         Starting Tell Plymouth To Write Out Runtime Data...
         Starting Create Volatile Files and Directories...
         Starting Initial cloud-init job (pre-networking)...
         Mounting /home/ubuntu/environment...
         Mounting /vagrant...
[[0;32m  OK  [0m] Started udev Kernel Device Manager.
[[0;32m  OK  [0m] Started Tell Plymouth To Write Out Runtime Data.
[[0;1;31mFAILED[0m] Failed to mount /home/ubuntu/environment.
See 'systemctl status home-ubuntu-environment.mount' for details.
[[0;1;31mFAILED[0m] Failed to mount /vagrant.
See 'systemctl status vagrant.mount' for details.
[[0;32m  OK  [0m] Started Dispatch Password Requests to Console Directory Watch.
[[0;32m  OK  [0m] Started Create Volatile Files and Directories.
         Starting Update UTMP about System Boot/Shutdown...
[[0;32m  OK  [0m] Started Update UTMP about System Boot/Shutdown.
[[0;32m  OK  [0m] Started LSB: AppArmor initialization.
         Starting Load AppArmor profiles managed internally by snapd...
[[0;32m  OK  [0m] Started Load AppArmor profiles managed internally by snapd.
[[0;32m  OK  [0m] Found device /dev/ttyS0.
[[0;32m  OK  [0m] Listening on Load/Save RF Kill Switch Status /dev/rfkill Watch.
[[0;32m  OK  [0m] Found device 82540EM Gigabit Ethern...r (PRO/1000 MT Desktop Adapter).
[[0;32m  OK  [0m] Found device 82540EM Gigabit Ethern...r (PRO/1000 MT Desktop Adapter).
[[0;32m  OK  [0m] Started Set console font and keymap.
[[0;32m  OK  [0m] Created slice system-getty.slice.
[   14.558702] cloud-init[504]: Cloud-init v. 20.3-2-g371b392c-0ubuntu1~16.04.1 running 'init-local' at Wed, 25 Nov 2020 13:09:56 +0000. Up 13.84 seconds.
[[0;32m  OK  [0m] Started Initial cloud-init job (pre-networking).
[[0;32m  OK  [0m] Reached target Network (Pre).
         Starting Raise network interfaces...
[[0;32m  OK  [0m] Started ifup for enp0s3.
[[0;32m  OK  [0m] Started ifup for enp0s8.
[[0;32m  OK  [0m] Started Raise network interfaces.
[[0;32m  OK  [0m] Reached target Network.
         Starting Initial cloud-init job (metadata service crawler)...
[   17.229685] cloud-init[1104]: Cloud-init v. 20.3-2-g371b392c-0ubuntu1~16.04.1 running 'init' at Wed, 25 Nov 2020 13:09:59 +0000. Up 16.44 seconds.
[   17.232889] cloud-init[1104]: ci-info: ++++++++++++++++++++++++++++++++++++++Net device info+++++++++++++++++++++++++++++++++++++++
[   17.235181] cloud-init[1104]: ci-info: +--------+------+-----------------------------+---------------+--------+-------------------+
[   17.238540] cloud-init[1104]: ci-info: | Device |  Up  |           Address           |      Mask     | Scope  |     Hw-Address    |
[   17.241412] cloud-init[1104]: ci-info: +--------+------+-----------------------------+---------------+--------+-------------------+
[   17.244803] cloud-init[1104]: ci-info: | enp0s3 | True |          10.0.2.15          | 255.255.255.0 | global | 02:e0:65:d0:24:0e |
[   17.249621] cloud-init[1104]: ci-info: | enp0s3 | True |  fe80::e0:65ff:fed0:240e/64 |       .       |  link  | 02:e0:65:d0:24:0e |
[   17.253586] cloud-init[1104]: ci-info: | enp0s8 | True |        192.168.10.200       | 255.255.255.0 | global | 08:00:27:08:3d:eb |
[   17.255953] cloud-init[1104]: ci-info: | enp0s8 | True | fe80::a00:27ff:fe08:3deb/64 |       .       |  link  | 08:00:27:08:3d:eb |
[   17.259628] cloud-init[1104]: ci-info: |   lo   | True |          127.0.0.1          |   255.0.0.0   |  host  |         .         |
[   17.267067] cloud-init[1104]: ci-info: |   lo   | True |           ::1/128           |       .       |  host  |         .         |
[   17.271393] cloud-init[1104]: ci-info: +--------+------+-----------------------------+---------------+--------+-------------------+
[   17.274044] cloud-init[1104]: ci-info: ++++++++++++++++++++++++++++Route IPv4 info++++++++++++++++++++++++++++
[   17.277035] cloud-init[1104]: ci-info: +-------+--------------+----------+---------------+-----------+-------+
[   17.289648] cloud-init[1104]: ci-info: | Route | Destination  | Gateway  |    Genmask    | Interface | Flags |
[   17.291791] cloud-init[1104]: ci-info: +-------+--------------+----------+---------------+-----------+-------+
[   17.295738] cloud-init[1104]: ci-info: |   0   |   0.0.0.0    | 10.0.2.2 |    0.0.0.0    |   enp0s3  |   UG  |
[   17.299200] cloud-init[1104]: ci-info: |   1   |   10.0.2.0   | 0.0.0.0  | 255.255.255.0 |   enp0s3  |   U   |
[   17.303820] cloud-init[1104]: ci-info: |   2   | 192.168.10.0 | 0.0.0.0  | 255.255.255.0 |   enp0s8  |   U   |
[   17.307631] cloud-init[1104]: ci-info: +-------+--------------+----------+---------------+-----------+-------+
[   17.310480] cloud-init[1104]: ci-info: +++++++++++++++++++Route IPv6 info+++++++++++++++++++
[   17.313944] cloud-init[1104]: ci-info: +-------+-------------+---------+-----------+-------+
[   17.317555] cloud-init[1104]: ci-info: | Route | Destination | Gateway | Interface | Flags |
[   17.321507] cloud-init[1104]: ci-info: +-------+-------------+---------+-----------+-------+
[   17.324030] cloud-init[1104]: ci-info: |   0   |  fe80::/64  |    ::   |   enp0s8  |   U   |
[   17.326535] cloud-init[1104]: ci-info: |   1   |  fe80::/64  |    ::   |   enp0s3  |   U   |
[   17.330182] cloud-init[1104]: ci-info: |   4   |   ff00::/8  |    ::   |   enp0s8  |   U   |
[   17.333388] cloud-init[1104]: ci-info: |   5   |   ff00::/8  |    ::   |   enp0s3  |   U   |
[   17.336286] cloud-init[1104]: ci-info: +-------+-------------+---------+-----------+-------+
[[0;32m  OK  [0m] Started Initial cloud-init job (metadata service crawler).
[[0;32m  OK  [0m] Reached target Cloud-config availability.
[[0;32m  OK  [0m] Reached target System Initialization.
[[0;32m  OK  [0m] Started Message of the Day.
[[0;32m  OK  [0m] Listening on D-Bus System Message Bus Socket.
[[0;32m  OK  [0m] Started ACPI Events Check.
[[0;32m  OK  [0m] Reached target Paths.
[[0;32m  OK  [0m] Started Daily Cleanup of Temporary Directories.
         Starting LXD - unix socket.
[[0;32m  OK  [0m] Started Daily apt download activities.
[[0;32m  OK  [0m] Started Daily apt upgrade and clean activities.
[[0;32m  OK  [0m] Reached target Timers.
[[0;32m  OK  [0m] Listening on UUID daemon activation socket.
[[0;32m  OK  [0m] Listening on ACPID Listen Socket.
         Starting Socket activation for snappy daemon.
[[0;32m  OK  [0m] Reached target Network is Online.
         Starting iSCSI initiator daemon (iscsid)...
[[0;32m  OK  [0m] Listening on LXD - unix socket.
[[0;32m  OK  [0m] Listening on Socket activation for snappy daemon.
[[0;32m  OK  [0m] Reached target Sockets.
[[0;32m  OK  [0m] Reached target Basic System.
[[0;32m  OK  [0m] Started Regular background program processing daemon.
         Starting /etc/rc.local Compatibility...
         Starting LSB: Record successful boot for GRUB...
[[0;32m  OK  [0m] Started Deferred execution scheduler.
[[0;32m  OK  [0m] Started FUSE filesystem for LXC.
[[0;32m  OK  [0m] Started ACPI event daemon.
         Starting Accounts Service...
         Starting LSB: MD monitoring daemon...
         Starting Virtualbox guest utils...
         Starting System Logging Service...
         Starting OpenBSD Secure Shell server...
[[0;32m  OK  [0m] Started D-Bus System Message Bus.
         Starting Login Service...
[[0;32m  OK  [0m] Started High-performance, schema-free document-oriented database.
         Starting Snap Daemon...
         Starting LXD - container startup/shutdown...
[[0;32m  OK  [0m] Started System Logging Service.
[[0;32m  OK  [0m] Started iSCSI initiator daemon (iscsid).
[[0;32m  OK  [0m] Started /etc/rc.local Compatibility.
         Starting Login to default iSCSI targets...
[[0;32m  OK  [0m] Started Login Service.
[[0;32m  OK  [0m] Started Unattended Upgrades Shutdown.
[[0;32m  OK  [0m] Started OpenBSD Secure Shell server.
[[0;32m  OK  [0m] Started LSB: Record successful boot for GRUB.
         Starting Authenticate and Authorize Users to Run Privileged Tasks...
[[0;32m  OK  [0m] Started Login to default iSCSI targets.
[[0;32m  OK  [0m] Reached target Remote File Systems (Pre).
[[0;32m  OK  [0m] Reached target Remote File Systems.
         Starting LSB: Set the CPU Frequency Scaling governor to "ondemand"...
         Starting LSB: daemon to balance interrupts for SMP systems...
         Starting Permit User Sessions...
         Starting LSB: automatic crash report generation...
[[0;32m  OK  [0m] Started LSB: MD monitoring daemon.
[[0;32m  OK  [0m] Started Permit User Sessions.
         Starting Terminate Plymouth Boot Screen...
         Starting Hold until boot process finishes up...
[[0;32m  OK  [0m] Started Terminate Plymouth Boot Screen.
[[0;32m  OK  [0m] Started Hold until boot process finishes up.
[[0;32m  OK  [0m] Started Authenticate and Authorize Users to Run Privileged Tasks.
[[0;32m  OK  [0m] Started Getty on tty1.
         Starting Set console scheme...
[[0;32m  OK  [0m] Started Serial Getty on ttyS0.
[[0;32m  OK  [0m] Reached target Login Prompts.
[[0;32m  OK  [0m] Started Set console scheme.
[[0;32m  OK  [0m] Started Accounts Service.
[[0;32m  OK  [0m] Started LXD - container startup/shutdown.
[[0;32m  OK  [0m] Started LSB: daemon to balance interrupts for SMP systems.
[[0;32m  OK  [0m] Started LSB: Set the CPU Frequency Scaling governor to "ondemand".
[[0;32m  OK  [0m] Started LSB: automatic crash report generation.
[[0;32m  OK  [0m] Started Virtualbox guest utils.
[[0;32m  OK  [0m] Created slice User Slice of vagrant.
         Starting User Manager for UID 1000...
[[0;32m  OK  [0m] Started Session 1 of user vagrant.
[[0;32m  OK  [0m] Started User Manager for UID 1000.
[[0;32m  OK  [0m] Started Snap Daemon.
         Starting Wait until snapd is fully seeded...
[[0;32m  OK  [0m] Started Wait until snapd is fully seeded.
         Starting Apply the settings specified in cloud-config...
[[0;32m  OK  [0m] Reached target Multi-User System.
[[0;32m  OK  [0m] Reached target Graphical Interface.
         Starting Update UTMP about System Runlevel Changes...
[[0;32m  OK  [0m] Started Update UTMP about System Runlevel Changes.
[   20.955381] cloud-init[1415]: Cloud-init v. 20.3-2-g371b392c-0ubuntu1~16.04.1 running 'modules:config' at Wed, 25 Nov 2020 13:10:03 +0000. Up 20.59 seconds.
[[0;32m  OK  [0m] Started Apply the settings specified in cloud-config.
         Starting Execute cloud user/final scripts...
[   22.626455] cloud-init[1499]: Cloud-init v. 20.3-2-g371b392c-0ubuntu1~16.04.1 running 'modules:final' at Wed, 25 Nov 2020 13:10:05 +0000. Up 22.31 seconds.
[   22.629088] cloud-init[1499]: Cloud-init v. 20.3-2-g371b392c-0ubuntu1~16.04.1 finished at Wed, 25 Nov 2020 13:10:05 +0000. Datasource DataSourceNoCloud [seed=/dev/sdb][dsmode=net].  Up 22.60 seconds
[[0;32m  OK  [0m] Started Execute cloud user/final scripts.
[[0;32m  OK  [0m] Reached target Cloud-init target.

Ubuntu 16.04.7 LTS ubuntu-xenial ttyS0

ubuntu-xenial login: 